[1 of 1] Processing p
[1 of 2] Compiling A[sig]           ( p/A.hsig, nothing )
[2 of 2] Compiling B[sig]           ( p/B.hsig, nothing )
[1 of 1] Processing p
[2 of 2] Compiling A[sig]           ( p/A.hsig, nothing ) [B added]
