[1 of 1] Processing p
[1 of 3] Compiling M1               ( p/M1.hs, nothing )
[2 of 3] Compiling M2               ( p/M2.hs, nothing )
[3 of 3] Compiling A[sig]           ( p/A.hsig, nothing )
[1 of 1] Processing p
[3 of 3] Compiling A[sig]           ( p/A.hsig, nothing ) [M2 added]
